torch 2.12.1+cu126 device cuda lambda_jepa 0.5 mask_ratio 0.25
features 221
processing months 864
  processed 200 of 864 sec 9
  processed 400 of 864 sec 31
  processed 600 of 864 sec 69
  processed 800 of 864 sec 100
train months 864 total months 864
progress 110 of 864 done 50 skip 60 elapsed_min 5.7
progress 160 of 864 done 100 skip 60 elapsed_min 10.5
progress 210 of 864 done 150 skip 60 elapsed_min 15.4
progress 260 of 864 done 200 skip 60 elapsed_min 20.2
progress 310 of 864 done 250 skip 60 elapsed_min 25.2
progress 360 of 864 done 300 skip 60 elapsed_min 30.2
progress 410 of 864 done 350 skip 60 elapsed_min 35.2
progress 460 of 864 done 400 skip 60 elapsed_min 40.2
progress 510 of 864 done 450 skip 60 elapsed_min 45.2
progress 560 of 864 done 500 skip 60 elapsed_min 50.5
progress 610 of 864 done 550 skip 60 elapsed_min 55.9
progress 660 of 864 done 600 skip 60 elapsed_min 61.0
progress 710 of 864 done 650 skip 60 elapsed_min 66.0
progress 760 of 864 done 700 skip 60 elapsed_min 71.0
progress 810 of 864 done 750 skip 60 elapsed_min 76.0
progress 860 of 864 done 800 skip 60 elapsed_min 81.0
progress 864 of 864 done 804 skip 60 elapsed_min 81.4
backtest complete oos_months 804 skipped 60 total_min 81.4
output rows 1345424 months 804
months scored 804
sharpe unscaled 2.578
sharpe scaled to 10 percent vol 2.579
