torch 2.12.1+cu126 device cuda
candidate features 402
features at coverage 0.9 pre 1990 n 221
processing months 864
  processed 200 of 864 sec 9
  processed 400 of 864 sec 30
  processed 600 of 864 sec 67
  processed 800 of 864 sec 97
train months 864 total months 864 n_features 221
progress 110 of 864 done 50 skip 60 elapsed_min 2.4
progress 160 of 864 done 100 skip 60 elapsed_min 4.1
progress 210 of 864 done 150 skip 60 elapsed_min 5.9
progress 260 of 864 done 200 skip 60 elapsed_min 7.7
progress 310 of 864 done 250 skip 60 elapsed_min 9.6
progress 360 of 864 done 300 skip 60 elapsed_min 11.4
progress 410 of 864 done 350 skip 60 elapsed_min 13.3
progress 460 of 864 done 400 skip 60 elapsed_min 15.1
progress 510 of 864 done 450 skip 60 elapsed_min 16.9
progress 560 of 864 done 500 skip 60 elapsed_min 18.8
progress 610 of 864 done 550 skip 60 elapsed_min 20.7
progress 660 of 864 done 600 skip 60 elapsed_min 22.5
progress 710 of 864 done 650 skip 60 elapsed_min 24.4
progress 760 of 864 done 700 skip 60 elapsed_min 26.2
progress 810 of 864 done 750 skip 60 elapsed_min 28.1
progress 860 of 864 done 800 skip 60 elapsed_min 29.9
progress 864 of 864 done 804 skip 60 elapsed_min 30.1
backtest complete oos_months 804 skipped 60 total_min 30.1
output rows 1345424 months 804
months scored 804
sharpe unscaled 3.315
sharpe scaled to 10 percent vol 3.248
