torch 2.12.1+cu126 device cuda
target_vol_annual 0.1 gross_max 4.0 min_breadth 0.05 seeds 3
months 864 with targets 864
year 1962 ( 12 of 73 ) train months 121 inputs 189 fit_sec 30 elapsed_min 0.9
year 1963 ( 13 of 73 ) train months 133 inputs 189 fit_sec 16 elapsed_min 1.5
year 1964 ( 14 of 73 ) train months 145 inputs 184 fit_sec 17 elapsed_min 2.1
year 1965 ( 15 of 73 ) train months 157 inputs 186 fit_sec 19 elapsed_min 2.6
year 1966 ( 16 of 73 ) train months 169 inputs 194 fit_sec 21 elapsed_min 3.1
year 1967 ( 17 of 73 ) train months 181 inputs 193 fit_sec 23 elapsed_min 3.7
year 1968 ( 18 of 73 ) train months 193 inputs 191 fit_sec 24 elapsed_min 4.4
year 1969 ( 19 of 73 ) train months 205 inputs 196 fit_sec 26 elapsed_min 5.4
year 1970 ( 20 of 73 ) train months 217 inputs 206 fit_sec 29 elapsed_min 6.1
  solved 100 skipped 0 universe 1011 gross bound 100 shrinkage 0.543 elapsed_min 6.2
year 1971 ( 21 of 73 ) train months 229 inputs 199 fit_sec 33 elapsed_min 7.0
year 1972 ( 22 of 73 ) train months 241 inputs 198 fit_sec 32 elapsed_min 7.9
year 1973 ( 23 of 73 ) train months 253 inputs 200 fit_sec 34 elapsed_min 8.8
year 1974 ( 24 of 73 ) train months 265 inputs 204 fit_sec 37 elapsed_min 9.7
year 1975 ( 25 of 73 ) train months 277 inputs 201 fit_sec 39 elapsed_min 10.9
year 1976 ( 26 of 73 ) train months 289 inputs 204 fit_sec 42 elapsed_min 12.1
year 1977 ( 27 of 73 ) train months 301 inputs 211 fit_sec 49 elapsed_min 13.6
year 1978 ( 28 of 73 ) train months 313 inputs 218 fit_sec 50 elapsed_min 14.9
  solved 200 skipped 0 universe 1535 gross bound 200 shrinkage 0.518 elapsed_min 15.3
year 1979 ( 29 of 73 ) train months 325 inputs 224 fit_sec 52 elapsed_min 16.3
year 1980 ( 30 of 73 ) train months 337 inputs 227 fit_sec 54 elapsed_min 17.9
year 1981 ( 31 of 73 ) train months 349 inputs 230 fit_sec 62 elapsed_min 19.5
year 1982 ( 32 of 73 ) train months 361 inputs 228 fit_sec 66 elapsed_min 21.1
year 1983 ( 33 of 73 ) train months 373 inputs 228 fit_sec 68 elapsed_min 23.0
year 1984 ( 34 of 73 ) train months 385 inputs 227 fit_sec 66 elapsed_min 24.6
year 1985 ( 35 of 73 ) train months 397 inputs 225 fit_sec 74 elapsed_min 26.4
year 1986 ( 36 of 73 ) train months 409 inputs 225 fit_sec 72 elapsed_min 28.0
  solved 300 skipped 0 universe 1695 gross bound 300 shrinkage 0.526 elapsed_min 28.5
year 1987 ( 37 of 73 ) train months 421 inputs 223 fit_sec 78 elapsed_min 29.8
year 1988 ( 38 of 73 ) train months 433 inputs 223 fit_sec 77 elapsed_min 31.6
year 1989 ( 39 of 73 ) train months 445 inputs 221 fit_sec 81 elapsed_min 33.9
year 1990 ( 40 of 73 ) train months 457 inputs 221 fit_sec 82 elapsed_min 35.7
year 1991 ( 41 of 73 ) train months 469 inputs 220 fit_sec 85 elapsed_min 37.6
year 1992 ( 42 of 73 ) train months 481 inputs 220 fit_sec 87 elapsed_min 39.7
year 1993 ( 43 of 73 ) train months 493 inputs 220 fit_sec 90 elapsed_min 41.7
year 1994 ( 44 of 73 ) train months 505 inputs 219 fit_sec 100 elapsed_min 43.9
year 1995 ( 45 of 73 ) train months 517 inputs 214 fit_sec 97 elapsed_min 46.1
  solved 400 skipped 0 universe 2378 gross bound 400 shrinkage 0.616 elapsed_min 46.3
year 1996 ( 46 of 73 ) train months 529 inputs 214 fit_sec 98 elapsed_min 48.3
year 1997 ( 47 of 73 ) train months 541 inputs 212 fit_sec 102 elapsed_min 50.8
year 1998 ( 48 of 73 ) train months 553 inputs 210 fit_sec 105 elapsed_min 53.3
year 1999 ( 49 of 73 ) train months 565 inputs 204 fit_sec 107 elapsed_min 56.0
year 2000 ( 50 of 73 ) train months 577 inputs 204 fit_sec 112 elapsed_min 58.7
year 2001 ( 51 of 73 ) train months 589 inputs 201 fit_sec 115 elapsed_min 61.7
year 2002 ( 52 of 73 ) train months 601 inputs 201 fit_sec 125 elapsed_min 64.7
year 2003 ( 53 of 73 ) train months 613 inputs 202 fit_sec 124 elapsed_min 67.6
  solved 500 skipped 0 universe 2101 gross bound 500 shrinkage 0.503 elapsed_min 68.2
year 2004 ( 54 of 73 ) train months 625 inputs 208 fit_sec 126 elapsed_min 70.6
year 2005 ( 55 of 73 ) train months 637 inputs 209 fit_sec 129 elapsed_min 73.4
year 2006 ( 56 of 73 ) train months 649 inputs 210 fit_sec 132 elapsed_min 76.4
year 2007 ( 57 of 73 ) train months 661 inputs 210 fit_sec 136 elapsed_min 79.5
year 2008 ( 58 of 73 ) train months 673 inputs 210 fit_sec 140 elapsed_min 82.5
year 2009 ( 59 of 73 ) train months 685 inputs 210 fit_sec 152 elapsed_min 85.7
year 2010 ( 60 of 73 ) train months 697 inputs 211 fit_sec 155 elapsed_min 89.1
year 2011 ( 61 of 73 ) train months 709 inputs 214 fit_sec 158 elapsed_min 92.4
  solved 600 skipped 0 universe 1895 gross bound 600 shrinkage 0.271 elapsed_min 93.1
year 2012 ( 62 of 73 ) train months 721 inputs 217 fit_sec 163 elapsed_min 95.8
year 2013 ( 63 of 73 ) train months 733 inputs 221 fit_sec 167 elapsed_min 99.2
year 2014 ( 64 of 73 ) train months 745 inputs 226 fit_sec 163 elapsed_min 102.6
year 2015 ( 65 of 73 ) train months 757 inputs 230 fit_sec 165 elapsed_min 105.9
year 2016 ( 66 of 73 ) train months 769 inputs 233 fit_sec 170 elapsed_min 109.4
year 2017 ( 67 of 73 ) train months 781 inputs 234 fit_sec 174 elapsed_min 113.0
year 2018 ( 68 of 73 ) train months 793 inputs 237 fit_sec 179 elapsed_min 116.6
year 2019 ( 69 of 73 ) train months 805 inputs 237 fit_sec 182 elapsed_min 120.2
year 2020 ( 70 of 73 ) train months 817 inputs 239 fit_sec 197 elapsed_min 124.3
  solved 700 skipped 0 universe 2220 gross bound 700 shrinkage 0.225 elapsed_min 124.5
year 2021 ( 71 of 73 ) train months 829 inputs 240 fit_sec 201 elapsed_min 128.4
year 2022 ( 72 of 73 ) train months 841 inputs 240 fit_sec 204 elapsed_min 132.6
year 2023 ( 73 of 73 ) train months 853 inputs 241 fit_sec 210 elapsed_min 137.1
months solved 743 skipped 0 gross limit binding in 743 of 743 months mean shrinkage 0.441 total_min 138.0
output rows 1321203 months 743
months total 743 pre 336 test 407
PRE TEST WINDOW (the honest selection basis)
  sharpe 4.083
TEST WINDOW (reference only, must not drive selection)
  sharpe 2.921
annualised return 0.231 annualised volatility 0.0679
