torch 2.12.1+cu126 device cuda seeds 4 k 32 vol_target True
months 864 with targets 864
year 1962 ( 12 of 73 ) train months 121 inputs 189 fit_sec 47 elapsed_min 1.2
year 1963 ( 13 of 73 ) train months 133 inputs 189 fit_sec 21 elapsed_min 1.7
year 1964 ( 14 of 73 ) train months 145 inputs 184 fit_sec 41 elapsed_min 2.5
year 1965 ( 15 of 73 ) train months 157 inputs 186 fit_sec 44 elapsed_min 3.3
year 1966 ( 16 of 73 ) train months 169 inputs 194 fit_sec 48 elapsed_min 4.2
year 1967 ( 17 of 73 ) train months 181 inputs 193 fit_sec 52 elapsed_min 5.2
year 1968 ( 18 of 73 ) train months 193 inputs 191 fit_sec 55 elapsed_min 6.2
year 1969 ( 19 of 73 ) train months 205 inputs 196 fit_sec 60 elapsed_min 7.3
year 1970 ( 20 of 73 ) train months 217 inputs 206 fit_sec 64 elapsed_min 8.5
year 1971 ( 21 of 73 ) train months 229 inputs 199 fit_sec 68 elapsed_min 9.7
year 1972 ( 22 of 73 ) train months 241 inputs 198 fit_sec 71 elapsed_min 11.1
year 1973 ( 23 of 73 ) train months 253 inputs 200 fit_sec 76 elapsed_min 12.4
year 1974 ( 24 of 73 ) train months 265 inputs 204 fit_sec 80 elapsed_min 13.9
year 1975 ( 25 of 73 ) train months 277 inputs 201 fit_sec 85 elapsed_min 15.5
year 1976 ( 26 of 73 ) train months 289 inputs 204 fit_sec 89 elapsed_min 17.2
year 1977 ( 27 of 73 ) train months 301 inputs 211 fit_sec 94 elapsed_min 19.0
year 1978 ( 28 of 73 ) train months 313 inputs 218 fit_sec 99 elapsed_min 20.8
year 1979 ( 29 of 73 ) train months 325 inputs 224 fit_sec 104 elapsed_min 22.8
year 1980 ( 30 of 73 ) train months 337 inputs 227 fit_sec 109 elapsed_min 24.8
year 1981 ( 31 of 73 ) train months 349 inputs 230 fit_sec 115 elapsed_min 26.9
year 1982 ( 32 of 73 ) train months 361 inputs 228 fit_sec 127 elapsed_min 29.2
year 1983 ( 33 of 73 ) train months 373 inputs 228 fit_sec 78 elapsed_min 30.7
year 1984 ( 34 of 73 ) train months 385 inputs 227 fit_sec 136 elapsed_min 33.1
year 1985 ( 35 of 73 ) train months 397 inputs 225 fit_sec 141 elapsed_min 35.6
year 1986 ( 36 of 73 ) train months 409 inputs 225 fit_sec 87 elapsed_min 37.3
year 1987 ( 37 of 73 ) train months 421 inputs 223 fit_sec 143 elapsed_min 39.9
year 1988 ( 38 of 73 ) train months 433 inputs 223 fit_sec 90 elapsed_min 41.6
year 1989 ( 39 of 73 ) train months 445 inputs 221 fit_sec 152 elapsed_min 44.3
year 1990 ( 40 of 73 ) train months 457 inputs 221 fit_sec 96 elapsed_min 46.1
year 1991 ( 41 of 73 ) train months 469 inputs 220 fit_sec 162 elapsed_min 49.0
year 1992 ( 42 of 73 ) train months 481 inputs 220 fit_sec 108 elapsed_min 51.0
year 1993 ( 43 of 73 ) train months 493 inputs 220 fit_sec 105 elapsed_min 52.9
year 1994 ( 44 of 73 ) train months 505 inputs 219 fit_sec 177 elapsed_min 56.1
year 1995 ( 45 of 73 ) train months 517 inputs 214 fit_sec 180 elapsed_min 59.3
year 1996 ( 46 of 73 ) train months 529 inputs 214 fit_sec 115 elapsed_min 61.5
year 1997 ( 47 of 73 ) train months 541 inputs 212 fit_sec 191 elapsed_min 65.0
year 1998 ( 48 of 73 ) train months 553 inputs 210 fit_sec 196 elapsed_min 68.6
year 1999 ( 49 of 73 ) train months 565 inputs 204 fit_sec 200 elapsed_min 72.2
year 2000 ( 50 of 73 ) train months 577 inputs 204 fit_sec 130 elapsed_min 74.7
year 2001 ( 51 of 73 ) train months 589 inputs 201 fit_sec 211 elapsed_min 78.5
year 2002 ( 52 of 73 ) train months 601 inputs 201 fit_sec 136 elapsed_min 81.0
year 2003 ( 53 of 73 ) train months 613 inputs 202 fit_sec 223 elapsed_min 85.0
year 2004 ( 54 of 73 ) train months 625 inputs 208 fit_sec 229 elapsed_min 89.0
year 2005 ( 55 of 73 ) train months 637 inputs 209 fit_sec 234 elapsed_min 93.1
year 2006 ( 56 of 73 ) train months 649 inputs 210 fit_sec 240 elapsed_min 97.4
year 2007 ( 57 of 73 ) train months 661 inputs 210 fit_sec 155 elapsed_min 100.1
year 2008 ( 58 of 73 ) train months 673 inputs 210 fit_sec 159 elapsed_min 103.0
year 2009 ( 59 of 73 ) train months 685 inputs 210 fit_sec 161 elapsed_min 105.9
year 2010 ( 60 of 73 ) train months 697 inputs 211 fit_sec 260 elapsed_min 110.5
year 2011 ( 61 of 73 ) train months 709 inputs 214 fit_sec 266 elapsed_min 115.1
year 2012 ( 62 of 73 ) train months 721 inputs 217 fit_sec 273 elapsed_min 119.8
year 2013 ( 63 of 73 ) train months 733 inputs 221 fit_sec 279 elapsed_min 124.7
year 2014 ( 64 of 73 ) train months 745 inputs 226 fit_sec 285 elapsed_min 129.7
year 2015 ( 65 of 73 ) train months 757 inputs 230 fit_sec 293 elapsed_min 134.8
year 2016 ( 66 of 73 ) train months 769 inputs 233 fit_sec 299 elapsed_min 140.0
year 2017 ( 67 of 73 ) train months 781 inputs 234 fit_sec 305 elapsed_min 145.3
year 2018 ( 68 of 73 ) train months 793 inputs 237 fit_sec 312 elapsed_min 150.7
year 2019 ( 69 of 73 ) train months 805 inputs 237 fit_sec 209 elapsed_min 154.4
year 2020 ( 70 of 73 ) train months 817 inputs 239 fit_sec 322 elapsed_min 160.0
year 2021 ( 71 of 73 ) train months 829 inputs 240 fit_sec 327 elapsed_min 165.7
year 2022 ( 72 of 73 ) train months 841 inputs 240 fit_sec 221 elapsed_min 169.7
year 2023 ( 73 of 73 ) train months 853 inputs 241 fit_sec 340 elapsed_min 175.7
months solved 743 skipped 0 volatility scaled 743 rows 1321203 total_min 176.0

months total 743 pre 336 test 407
TEST WINDOW   sharpe 3.442
PRE TEST      sharpe 5.292
annualised return 0.4586 volatility 0.1332
