torch 2.12.1+cu126 device cuda
candidate features 402
features at coverage 0.9 pre 1990 n 221
processing months 864
  processed 200 of 864 sec 9
  processed 400 of 864 sec 30
  processed 600 of 864 sec 68
  processed 800 of 864 sec 98
train months 864 total months 864 n_features 221
running mlp
  mlp done 100 elapsed_min 4.0
  mlp done 200 elapsed_min 7.6
  mlp done 300 elapsed_min 11.3
  mlp done 400 elapsed_min 15.0
  mlp done 500 elapsed_min 18.8
  mlp done 600 elapsed_min 22.5
  mlp done 700 elapsed_min 26.2
  mlp done 800 elapsed_min 30.0
mlp complete months 804 min 30.1
running stockmixer
  stockmixer done 100 elapsed_min 6.6
  stockmixer done 200 elapsed_min 12.9
  stockmixer done 300 elapsed_min 19.3
  stockmixer done 400 elapsed_min 25.8
  stockmixer done 500 elapsed_min 32.2
  stockmixer done 600 elapsed_min 38.7
  stockmixer done 700 elapsed_min 45.1
  stockmixer done 800 elapsed_min 51.6
stockmixer complete months 804 min 51.8
output rows 1345424 months 804
months scored 804
sharpe unscaled 3.114
sharpe scaled to 10 percent vol 3.223
