torch 2.12.1+cu126 device cuda components 24 rp 1.0 vol_target True seeds 4 beta beta_60m
characteristics 221
building managed portfolio returns
daily columns resolved to id date ret_exc
  managed returns 200 of 864 sec 7
  managed returns 400 of 864 sec 29
  managed returns 600 of 864 sec 65
  managed returns 800 of 864 sec 97
managed daily returns built in 109 sec
managed panel (18142, 221)
daily rows for the overlay 103382883
year 1962 ( 12 of 73 ) train months 121 fit_sec 30 elapsed_min 4.2
year 1963 ( 13 of 73 ) train months 133 fit_sec 8 elapsed_min 4.4
year 1964 ( 14 of 73 ) train months 145 fit_sec 9 elapsed_min 4.6
year 1965 ( 15 of 73 ) train months 157 fit_sec 10 elapsed_min 4.7
year 1966 ( 16 of 73 ) train months 169 fit_sec 12 elapsed_min 5.0
year 1967 ( 17 of 73 ) train months 181 fit_sec 13 elapsed_min 5.2
year 1968 ( 18 of 73 ) train months 193 fit_sec 14 elapsed_min 5.4
year 1969 ( 19 of 73 ) train months 205 fit_sec 15 elapsed_min 5.7
year 1970 ( 20 of 73 ) train months 217 fit_sec 16 elapsed_min 6.0
year 1971 ( 21 of 73 ) train months 229 fit_sec 18 elapsed_min 6.3
year 1972 ( 22 of 73 ) train months 241 fit_sec 19 elapsed_min 6.6
year 1973 ( 23 of 73 ) train months 253 fit_sec 21 elapsed_min 7.0
year 1974 ( 24 of 73 ) train months 265 fit_sec 22 elapsed_min 7.4
year 1975 ( 25 of 73 ) train months 277 fit_sec 24 elapsed_min 7.9
year 1976 ( 26 of 73 ) train months 289 fit_sec 26 elapsed_min 8.3
year 1977 ( 27 of 73 ) train months 301 fit_sec 28 elapsed_min 8.8
year 1978 ( 28 of 73 ) train months 313 fit_sec 29 elapsed_min 9.4
year 1979 ( 29 of 73 ) train months 325 fit_sec 32 elapsed_min 9.9
year 1980 ( 30 of 73 ) train months 337 fit_sec 33 elapsed_min 10.5
year 1981 ( 31 of 73 ) train months 349 fit_sec 36 elapsed_min 11.1
year 1982 ( 32 of 73 ) train months 361 fit_sec 38 elapsed_min 11.8
year 1983 ( 33 of 73 ) train months 373 fit_sec 39 elapsed_min 12.5
year 1984 ( 34 of 73 ) train months 385 fit_sec 42 elapsed_min 13.2
year 1985 ( 35 of 73 ) train months 397 fit_sec 44 elapsed_min 14.0
year 1986 ( 36 of 73 ) train months 409 fit_sec 46 elapsed_min 14.8
year 1987 ( 37 of 73 ) train months 421 fit_sec 48 elapsed_min 15.6
year 1988 ( 38 of 73 ) train months 433 fit_sec 50 elapsed_min 16.5
year 1989 ( 39 of 73 ) train months 445 fit_sec 52 elapsed_min 17.4
year 1990 ( 40 of 73 ) train months 457 fit_sec 54 elapsed_min 18.4
year 1991 ( 41 of 73 ) train months 469 fit_sec 56 elapsed_min 19.4
year 1992 ( 42 of 73 ) train months 481 fit_sec 59 elapsed_min 20.4
year 1993 ( 43 of 73 ) train months 493 fit_sec 61 elapsed_min 21.5
year 1994 ( 44 of 73 ) train months 505 fit_sec 64 elapsed_min 22.6
year 1995 ( 45 of 73 ) train months 517 fit_sec 67 elapsed_min 23.8
year 1996 ( 46 of 73 ) train months 529 fit_sec 69 elapsed_min 25.0
year 1997 ( 47 of 73 ) train months 541 fit_sec 72 elapsed_min 26.3
year 1998 ( 48 of 73 ) train months 553 fit_sec 75 elapsed_min 27.6
year 1999 ( 49 of 73 ) train months 565 fit_sec 78 elapsed_min 29.0
year 2000 ( 50 of 73 ) train months 577 fit_sec 81 elapsed_min 30.4
year 2001 ( 51 of 73 ) train months 589 fit_sec 84 elapsed_min 31.9
year 2002 ( 52 of 73 ) train months 601 fit_sec 88 elapsed_min 33.5
year 2003 ( 53 of 73 ) train months 613 fit_sec 90 elapsed_min 35.0
year 2004 ( 54 of 73 ) train months 625 fit_sec 90 elapsed_min 36.6
year 2005 ( 55 of 73 ) train months 637 fit_sec 95 elapsed_min 38.2
year 2006 ( 56 of 73 ) train months 649 fit_sec 97 elapsed_min 39.9
year 2007 ( 57 of 73 ) train months 661 fit_sec 100 elapsed_min 41.6
year 2008 ( 58 of 73 ) train months 673 fit_sec 102 elapsed_min 43.4
year 2009 ( 59 of 73 ) train months 685 fit_sec 104 elapsed_min 45.2
year 2010 ( 60 of 73 ) train months 697 fit_sec 107 elapsed_min 47.0
year 2011 ( 61 of 73 ) train months 709 fit_sec 109 elapsed_min 48.9
year 2012 ( 62 of 73 ) train months 721 fit_sec 111 elapsed_min 50.7
year 2013 ( 63 of 73 ) train months 733 fit_sec 113 elapsed_min 52.7
year 2014 ( 64 of 73 ) train months 745 fit_sec 116 elapsed_min 54.7
year 2015 ( 65 of 73 ) train months 757 fit_sec 118 elapsed_min 56.7
year 2016 ( 66 of 73 ) train months 769 fit_sec 121 elapsed_min 58.8
year 2017 ( 67 of 73 ) train months 781 fit_sec 123 elapsed_min 60.9
year 2018 ( 68 of 73 ) train months 793 fit_sec 126 elapsed_min 63.0
year 2019 ( 69 of 73 ) train months 805 fit_sec 128 elapsed_min 65.2
year 2020 ( 70 of 73 ) train months 817 fit_sec 130 elapsed_min 67.4
year 2021 ( 71 of 73 ) train months 829 fit_sec 133 elapsed_min 69.7
year 2022 ( 72 of 73 ) train months 841 fit_sec 136 elapsed_min 72.1
year 2023 ( 73 of 73 ) train months 853 fit_sec 137 elapsed_min 74.5
months solved 743 skipped 0 volatility scaled 743 total_min 74.5
output rows 1322242 months 743

months total 743 pre 336 test 407
TEST WINDOW   sharpe 3.309
PRE TEST      sharpe 5.127
annualised return 0.4155 volatility 0.1255
wrote output.csv rows 1322242 months 743
